// Jest Snapshot v1, https://goo.gl/fbAQLP

exports[`CalendarHeader render default render 1`] = `
<thead
  className="calendarHeader"
>
  <tr
    className="calendarHeader__row"
  >
    <th
      className="calendarHeader__cell"
    />
    <Memo(CalendarHeaderCell)
      cellDate={2021-04-30T21:00:00.000Z}
      classNames={
        Array [
          "calendarHeader__cell",
        ]
      }
      key="0"
    />
    <Memo(CalendarHeaderCell)
      cellDate={2021-05-01T21:00:00.000Z}
      classNames={
        Array [
          "calendarHeader__cell",
        ]
      }
      key="1"
    />
    <Memo(CalendarHeaderCell)
      cellDate={2021-05-02T21:00:00.000Z}
      classNames={
        Array [
          "calendarHeader__cell",
        ]
      }
      key="2"
    />
    <Memo(CalendarHeaderCell)
      cellDate={2021-05-03T21:00:00.000Z}
      classNames={
        Array [
          "calendarHeader__cell",
        ]
      }
      key="3"
    />
    <Memo(CalendarHeaderCell)
      cellDate={2021-05-04T21:00:00.000Z}
      classNames={
        Array [
          "calendarHeader__cell",
        ]
      }
      key="4"
    />
    <Memo(CalendarHeaderCell)
      cellDate={2021-05-05T21:00:00.000Z}
      classNames={
        Array [
          "calendarHeader__cell",
        ]
      }
      key="5"
    />
    <Memo(CalendarHeaderCell)
      cellDate={2021-05-06T21:00:00.000Z}
      classNames={
        Array [
          "calendarHeader__cell",
        ]
      }
      key="6"
    />
    <Memo(CalendarHeaderCell)
      cellDate={2021-05-07T21:00:00.000Z}
      classNames={
        Array [
          "calendarHeader__cell",
        ]
      }
      key="7"
    />
    <Memo(CalendarHeaderCell)
      cellDate={2021-05-08T21:00:00.000Z}
      classNames={
        Array [
          "calendarHeader__cell",
        ]
      }
      key="8"
    />
    <Memo(CalendarHeaderCell)
      cellDate={2021-05-09T21:00:00.000Z}
      classNames={
        Array [
          "calendarHeader__cell",
        ]
      }
      key="9"
    />
    <Memo(CalendarHeaderCell)
      cellDate={2021-05-10T21:00:00.000Z}
      classNames={
        Array [
          "calendarHeader__cell",
        ]
      }
      key="10"
    />
    <Memo(CalendarHeaderCell)
      cellDate={2021-05-11T21:00:00.000Z}
      classNames={
        Array [
          "calendarHeader__cell",
        ]
      }
      key="11"
    />
    <Memo(CalendarHeaderCell)
      cellDate={2021-05-12T21:00:00.000Z}
      classNames={
        Array [
          "calendarHeader__cell",
        ]
      }
      key="12"
    />
    <Memo(CalendarHeaderCell)
      cellDate={2021-05-13T21:00:00.000Z}
      classNames={
        Array [
          "calendarHeader__cell",
        ]
      }
      key="13"
    />
    <Memo(CalendarHeaderCell)
      cellDate={2021-05-14T21:00:00.000Z}
      classNames={
        Array [
          "calendarHeader__cell",
        ]
      }
      key="14"
    />
    <Memo(CalendarHeaderCell)
      cellDate={2021-05-15T21:00:00.000Z}
      classNames={
        Array [
          "calendarHeader__cell",
        ]
      }
      key="15"
    />
    <Memo(CalendarHeaderCell)
      cellDate={2021-05-16T21:00:00.000Z}
      classNames={
        Array [
          "calendarHeader__cell",
        ]
      }
      key="16"
    />
    <Memo(CalendarHeaderCell)
      cellDate={2021-05-17T21:00:00.000Z}
      classNames={
        Array [
          "calendarHeader__cell",
        ]
      }
      key="17"
    />
    <Memo(CalendarHeaderCell)
      cellDate={2021-05-18T21:00:00.000Z}
      classNames={
        Array [
          "calendarHeader__cell",
        ]
      }
      key="18"
    />
    <Memo(CalendarHeaderCell)
      cellDate={2021-05-19T21:00:00.000Z}
      classNames={
        Array [
          "calendarHeader__cell",
        ]
      }
      key="19"
    />
    <Memo(CalendarHeaderCell)
      cellDate={2021-05-20T21:00:00.000Z}
      classNames={
        Array [
          "calendarHeader__cell",
        ]
      }
      key="20"
    />
    <Memo(CalendarHeaderCell)
      cellDate={2021-05-21T21:00:00.000Z}
      classNames={
        Array [
          "calendarHeader__cell",
        ]
      }
      key="21"
    />
    <Memo(CalendarHeaderCell)
      cellDate={2021-05-22T21:00:00.000Z}
      classNames={
        Array [
          "calendarHeader__cell",
        ]
      }
      key="22"
    />
    <Memo(CalendarHeaderCell)
      cellDate={2021-05-23T21:00:00.000Z}
      classNames={
        Array [
          "calendarHeader__cell",
        ]
      }
      key="23"
    />
    <Memo(CalendarHeaderCell)
      cellDate={2021-05-24T21:00:00.000Z}
      classNames={
        Array [
          "calendarHeader__cell",
        ]
      }
      key="24"
    />
    <Memo(CalendarHeaderCell)
      cellDate={2021-05-25T21:00:00.000Z}
      classNames={
        Array [
          "calendarHeader__cell",
        ]
      }
      key="25"
    />
    <Memo(CalendarHeaderCell)
      cellDate={2021-05-26T21:00:00.000Z}
      classNames={
        Array [
          "calendarHeader__cell",
        ]
      }
      key="26"
    />
    <Memo(CalendarHeaderCell)
      cellDate={2021-05-27T21:00:00.000Z}
      classNames={
        Array [
          "calendarHeader__cell",
        ]
      }
      key="27"
    />
    <Memo(CalendarHeaderCell)
      cellDate={2021-05-28T21:00:00.000Z}
      classNames={
        Array [
          "calendarHeader__cell",
        ]
      }
      key="28"
    />
    <Memo(CalendarHeaderCell)
      cellDate={2021-05-29T21:00:00.000Z}
      classNames={
        Array [
          "calendarHeader__cell",
        ]
      }
      key="29"
    />
    <Memo(CalendarHeaderCell)
      cellDate={2021-05-30T21:00:00.000Z}
      classNames={
        Array [
          "calendarHeader__cell",
        ]
      }
      key="30"
    />
    <Memo(CellSumm)
      classNames={
        Array [
          "calendarHeader__cell",
          "cell-gray",
        ]
      }
    >
      Sum 
    </Memo(CellSumm)>
  </tr>
</thead>
`;
