// Jest Snapshot v1, https://goo.gl/fbAQLP

exports[`WeekendPercents render default render 1`] = `
<div
  className="weekendPercent"
>
  15
   %
</div>
`;
