// Jest Snapshot v1, https://goo.gl/fbAQLP

exports[`Form render render default 1`] = `
<form
  class="form"
/>
`;

exports[`Form render render with children 1`] = `
<form
  class="form"
>
  <div
    class="form__item"
  >
    <span>
      Test
    </span>
  </div>
  <div
    class="form__item"
  >
    <span>
      Test
    </span>
  </div>
  <div
    class="form__item"
  >
    <span>
      Test
    </span>
  </div>
</form>
`;

exports[`Form render render with one child 1`] = `
<form
  class="form"
>
  <div
    class="form__item"
  >
    <span>
      Test
    </span>
  </div>
</form>
`;
