// Jest Snapshot v1, https://goo.gl/fbAQLP

exports[`ModalBody render default render 1`] = `
<div
  className="modalBody"
/>
`;

exports[`ModalBody render render with children 1`] = `
<div
  class="modalBody"
>
   
  <span />
   
  <span />
   
</div>
`;
